Archive member included to satisfy reference by file (symbol)

C:\Users\MICHA_~1\WORKSP~1\UNLROC~1\ATMELS~1\TESTRI~1\TESTRI~1\ARDUIN~1\Debug\libArduinoCore.a(main.o)
                              C:/Program Files (x86)/Atmel/Studio/7.0/Packs/atmel/ATmega_DFP/1.0.98/gcc/dev/atmega328p/avr5/crtatmega328p.o (main)
C:\Users\MICHA_~1\WORKSP~1\UNLROC~1\ATMELS~1\TESTRI~1\TESTRI~1\ARDUIN~1\Debug\libArduinoCore.a(wiring.o)
                              Sketch.o (delay)
C:\Users\MICHA_~1\WORKSP~1\UNLROC~1\ATMELS~1\TESTRI~1\TESTRI~1\ARDUIN~1\Debug\libArduinoCore.a(wiring_analog.o)
                              Sketch.o (analogRead)
C:\Users\MICHA_~1\WORKSP~1\UNLROC~1\ATMELS~1\TESTRI~1\TESTRI~1\ARDUIN~1\Debug\libArduinoCore.a(wiring_digital.o)
                              Sketch.o (pinMode)
C:\Users\MICHA_~1\WORKSP~1\UNLROC~1\ATMELS~1\TESTRI~1\TESTRI~1\ARDUIN~1\Debug\libArduinoCore.a(hooks.o)
                              C:\Users\MICHA_~1\WORKSP~1\UNLROC~1\ATMELS~1\TESTRI~1\TESTRI~1\ARDUIN~1\Debug\libArduinoCore.a(wiring.o) (yield)
c:/program files (x86)/atmel/studio/7.0/toolchain/avr8/avr8-gnu-toolchain/bin/../lib/gcc/avr/4.9.2/avr5\libgcc.a(_exit.o)
                              C:/Program Files (x86)/Atmel/Studio/7.0/Packs/atmel/ATmega_DFP/1.0.98/gcc/dev/atmega328p/avr5/crtatmega328p.o (exit)
c:/program files (x86)/atmel/studio/7.0/toolchain/avr8/avr8-gnu-toolchain/bin/../lib/gcc/avr/4.9.2/avr5\libgcc.a(_copy_data.o)
                              Sketch.o (__do_copy_data)
c:/program files (x86)/atmel/studio/7.0/toolchain/avr8/avr8-gnu-toolchain/bin/../lib/gcc/avr/4.9.2/avr5\libgcc.a(_clear_bss.o)
                              Sketch.o (__do_clear_bss)

Discarded input sections

 .data          0x00000000        0x0 C:/Program Files (x86)/Atmel/Studio/7.0/Packs/atmel/ATmega_DFP/1.0.98/gcc/dev/atmega328p/avr5/crtatmega328p.o
 .bss           0x00000000        0x0 C:/Program Files (x86)/Atmel/Studio/7.0/Packs/atmel/ATmega_DFP/1.0.98/gcc/dev/atmega328p/avr5/crtatmega328p.o
 .text          0x00000000        0x0 Sketch.o
 .data          0x00000000        0x0 Sketch.o
 .bss           0x00000000        0x0 Sketch.o
 .text          0x00000000        0x0 C:\Users\MICHA_~1\WORKSP~1\UNLROC~1\ATMELS~1\TESTRI~1\TESTRI~1\ARDUIN~1\Debug\libArduinoCore.a(main.o)
 .data          0x00000000        0x0 C:\Users\MICHA_~1\WORKSP~1\UNLROC~1\ATMELS~1\TESTRI~1\TESTRI~1\ARDUIN~1\Debug\libArduinoCore.a(main.o)
 .bss           0x00000000        0x0 C:\Users\MICHA_~1\WORKSP~1\UNLROC~1\ATMELS~1\TESTRI~1\TESTRI~1\ARDUIN~1\Debug\libArduinoCore.a(main.o)
 .text.atexit   0x00000000        0x6 C:\Users\MICHA_~1\WORKSP~1\UNLROC~1\ATMELS~1\TESTRI~1\TESTRI~1\ARDUIN~1\Debug\libArduinoCore.a(main.o)
 .text._Z8setupUSBv
                0x00000000        0x2 C:\Users\MICHA_~1\WORKSP~1\UNLROC~1\ATMELS~1\TESTRI~1\TESTRI~1\ARDUIN~1\Debug\libArduinoCore.a(main.o)
 .text          0x00000000        0x0 C:\Users\MICHA_~1\WORKSP~1\UNLROC~1\ATMELS~1\TESTRI~1\TESTRI~1\ARDUIN~1\Debug\libArduinoCore.a(wiring.o)
 .data          0x00000000        0x0 C:\Users\MICHA_~1\WORKSP~1\UNLROC~1\ATMELS~1\TESTRI~1\TESTRI~1\ARDUIN~1\Debug\libArduinoCore.a(wiring.o)
 .bss           0x00000000        0x0 C:\Users\MICHA_~1\WORKSP~1\UNLROC~1\ATMELS~1\TESTRI~1\TESTRI~1\ARDUIN~1\Debug\libArduinoCore.a(wiring.o)
 .text.millis   0x00000000       0x18 C:\Users\MICHA_~1\WORKSP~1\UNLROC~1\ATMELS~1\TESTRI~1\TESTRI~1\ARDUIN~1\Debug\libArduinoCore.a(wiring.o)
 .text.delayMicroseconds
                0x00000000       0x16 C:\Users\MICHA_~1\WORKSP~1\UNLROC~1\ATMELS~1\TESTRI~1\TESTRI~1\ARDUIN~1\Debug\libArduinoCore.a(wiring.o)
 .text          0x00000000        0x0 C:\Users\MICHA_~1\WORKSP~1\UNLROC~1\ATMELS~1\TESTRI~1\TESTRI~1\ARDUIN~1\Debug\libArduinoCore.a(wiring_analog.o)
 .data          0x00000000        0x0 C:\Users\MICHA_~1\WORKSP~1\UNLROC~1\ATMELS~1\TESTRI~1\TESTRI~1\ARDUIN~1\Debug\libArduinoCore.a(wiring_analog.o)
 .bss           0x00000000        0x0 C:\Users\MICHA_~1\WORKSP~1\UNLROC~1\ATMELS~1\TESTRI~1\TESTRI~1\ARDUIN~1\Debug\libArduinoCore.a(wiring_analog.o)
 .text.analogReference
                0x00000000        0x6 C:\Users\MICHA_~1\WORKSP~1\UNLROC~1\ATMELS~1\TESTRI~1\TESTRI~1\ARDUIN~1\Debug\libArduinoCore.a(wiring_analog.o)
 .text.analogWrite
                0x00000000       0xbe C:\Users\MICHA_~1\WORKSP~1\UNLROC~1\ATMELS~1\TESTRI~1\TESTRI~1\ARDUIN~1\Debug\libArduinoCore.a(wiring_analog.o)
 .text          0x00000000        0x0 C:\Users\MICHA_~1\WORKSP~1\UNLROC~1\ATMELS~1\TESTRI~1\TESTRI~1\ARDUIN~1\Debug\libArduinoCore.a(wiring_digital.o)
 .data          0x00000000        0x0 C:\Users\MICHA_~1\WORKSP~1\UNLROC~1\ATMELS~1\TESTRI~1\TESTRI~1\ARDUIN~1\Debug\libArduinoCore.a(wiring_digital.o)
 .bss           0x00000000        0x0 C:\Users\MICHA_~1\WORKSP~1\UNLROC~1\ATMELS~1\TESTRI~1\TESTRI~1\ARDUIN~1\Debug\libArduinoCore.a(wiring_digital.o)
 .text.digitalRead
                0x00000000       0x52 C:\Users\MICHA_~1\WORKSP~1\UNLROC~1\ATMELS~1\TESTRI~1\TESTRI~1\ARDUIN~1\Debug\libArduinoCore.a(wiring_digital.o)
 .progmem.data.port_to_input_PGM
                0x00000000        0xa C:\Users\MICHA_~1\WORKSP~1\UNLROC~1\ATMELS~1\TESTRI~1\TESTRI~1\ARDUIN~1\Debug\libArduinoCore.a(wiring_digital.o)
 .text          0x00000000        0x0 C:\Users\MICHA_~1\WORKSP~1\UNLROC~1\ATMELS~1\TESTRI~1\TESTRI~1\ARDUIN~1\Debug\libArduinoCore.a(hooks.o)
 .data          0x00000000        0x0 C:\Users\MICHA_~1\WORKSP~1\UNLROC~1\ATMELS~1\TESTRI~1\TESTRI~1\ARDUIN~1\Debug\libArduinoCore.a(hooks.o)
 .bss           0x00000000        0x0 C:\Users\MICHA_~1\WORKSP~1\UNLROC~1\ATMELS~1\TESTRI~1\TESTRI~1\ARDUIN~1\Debug\libArduinoCore.a(hooks.o)
 .text          0x00000000        0x0 c:/program files (x86)/atmel/studio/7.0/toolchain/avr8/avr8-gnu-toolchain/bin/../lib/gcc/avr/4.9.2/avr5\libgcc.a(_exit.o)
 .data          0x00000000        0x0 c:/program files (x86)/atmel/studio/7.0/toolchain/avr8/avr8-gnu-toolchain/bin/../lib/gcc/avr/4.9.2/avr5\libgcc.a(_exit.o)
 .bss           0x00000000        0x0 c:/program files (x86)/atmel/studio/7.0/toolchain/avr8/avr8-gnu-toolchain/bin/../lib/gcc/avr/4.9.2/avr5\libgcc.a(_exit.o)
 .text.libgcc.mul
                0x00000000        0x0 c:/program files (x86)/atmel/studio/7.0/toolchain/avr8/avr8-gnu-toolchain/bin/../lib/gcc/avr/4.9.2/avr5\libgcc.a(_exit.o)
 .text.libgcc.div
                0x00000000        0x0 c:/program files (x86)/atmel/studio/7.0/toolchain/avr8/avr8-gnu-toolchain/bin/../lib/gcc/avr/4.9.2/avr5\libgcc.a(_exit.o)
 .text.libgcc   0x00000000        0x0 c:/program files (x86)/atmel/studio/7.0/toolchain/avr8/avr8-gnu-toolchain/bin/../lib/gcc/avr/4.9.2/avr5\libgcc.a(_exit.o)
 .text.libgcc.prologue
                0x00000000        0x0 c:/program files (x86)/atmel/studio/7.0/toolchain/avr8/avr8-gnu-toolchain/bin/../lib/gcc/avr/4.9.2/avr5\libgcc.a(_exit.o)
 .text.libgcc.builtins
                0x00000000        0x0 c:/program files (x86)/atmel/studio/7.0/toolchain/avr8/avr8-gnu-toolchain/bin/../lib/gcc/avr/4.9.2/avr5\libgcc.a(_exit.o)
 .text.libgcc.fmul
                0x00000000        0x0 c:/program files (x86)/atmel/studio/7.0/toolchain/avr8/avr8-gnu-toolchain/bin/../lib/gcc/avr/4.9.2/avr5\libgcc.a(_exit.o)
 .text.libgcc.fixed
                0x00000000        0x0 c:/program files (x86)/atmel/studio/7.0/toolchain/avr8/avr8-gnu-toolchain/bin/../lib/gcc/avr/4.9.2/avr5\libgcc.a(_exit.o)
 .text          0x00000000        0x0 c:/program files (x86)/atmel/studio/7.0/toolchain/avr8/avr8-gnu-toolchain/bin/../lib/gcc/avr/4.9.2/avr5\libgcc.a(_copy_data.o)
 .data          0x00000000        0x0 c:/program files (x86)/atmel/studio/7.0/toolchain/avr8/avr8-gnu-toolchain/bin/../lib/gcc/avr/4.9.2/avr5\libgcc.a(_copy_data.o)
 .bss           0x00000000        0x0 c:/program files (x86)/atmel/studio/7.0/toolchain/avr8/avr8-gnu-toolchain/bin/../lib/gcc/avr/4.9.2/avr5\libgcc.a(_copy_data.o)
 .text.libgcc.mul
                0x00000000        0x0 c:/program files (x86)/atmel/studio/7.0/toolchain/avr8/avr8-gnu-toolchain/bin/../lib/gcc/avr/4.9.2/avr5\libgcc.a(_copy_data.o)
 .text.libgcc.div
                0x00000000        0x0 c:/program files (x86)/atmel/studio/7.0/toolchain/avr8/avr8-gnu-toolchain/bin/../lib/gcc/avr/4.9.2/avr5\libgcc.a(_copy_data.o)
 .text.libgcc   0x00000000        0x0 c:/program files (x86)/atmel/studio/7.0/toolchain/avr8/avr8-gnu-toolchain/bin/../lib/gcc/avr/4.9.2/avr5\libgcc.a(_copy_data.o)
 .text.libgcc.prologue
                0x00000000        0x0 c:/program files (x86)/atmel/studio/7.0/toolchain/avr8/avr8-gnu-toolchain/bin/../lib/gcc/avr/4.9.2/avr5\libgcc.a(_copy_data.o)
 .text.libgcc.builtins
                0x00000000        0x0 c:/program files (x86)/atmel/studio/7.0/toolchain/avr8/avr8-gnu-toolchain/bin/../lib/gcc/avr/4.9.2/avr5\libgcc.a(_copy_data.o)
 .text.libgcc.fmul
                0x00000000        0x0 c:/program files (x86)/atmel/studio/7.0/toolchain/avr8/avr8-gnu-toolchain/bin/../lib/gcc/avr/4.9.2/avr5\libgcc.a(_copy_data.o)
 .text.libgcc.fixed
                0x00000000        0x0 c:/program files (x86)/atmel/studio/7.0/toolchain/avr8/avr8-gnu-toolchain/bin/../lib/gcc/avr/4.9.2/avr5\libgcc.a(_copy_data.o)
 .text          0x00000000        0x0 c:/program files (x86)/atmel/studio/7.0/toolchain/avr8/avr8-gnu-toolchain/bin/../lib/gcc/avr/4.9.2/avr5\libgcc.a(_clear_bss.o)
 .data          0x00000000        0x0 c:/program files (x86)/atmel/studio/7.0/toolchain/avr8/avr8-gnu-toolchain/bin/../lib/gcc/avr/4.9.2/avr5\libgcc.a(_clear_bss.o)
 .bss           0x00000000        0x0 c:/program files (x86)/atmel/studio/7.0/toolchain/avr8/avr8-gnu-toolchain/bin/../lib/gcc/avr/4.9.2/avr5\libgcc.a(_clear_bss.o)
 .text.libgcc.mul
                0x00000000        0x0 c:/program files (x86)/atmel/studio/7.0/toolchain/avr8/avr8-gnu-toolchain/bin/../lib/gcc/avr/4.9.2/avr5\libgcc.a(_clear_bss.o)
 .text.libgcc.div
                0x00000000        0x0 c:/program files (x86)/atmel/studio/7.0/toolchain/avr8/avr8-gnu-toolchain/bin/../lib/gcc/avr/4.9.2/avr5\libgcc.a(_clear_bss.o)
 .text.libgcc   0x00000000        0x0 c:/program files (x86)/atmel/studio/7.0/toolchain/avr8/avr8-gnu-toolchain/bin/../lib/gcc/avr/4.9.2/avr5\libgcc.a(_clear_bss.o)
 .text.libgcc.prologue
                0x00000000        0x0 c:/program files (x86)/atmel/studio/7.0/toolchain/avr8/avr8-gnu-toolchain/bin/../lib/gcc/avr/4.9.2/avr5\libgcc.a(_clear_bss.o)
 .text.libgcc.builtins
                0x00000000        0x0 c:/program files (x86)/atmel/studio/7.0/toolchain/avr8/avr8-gnu-toolchain/bin/../lib/gcc/avr/4.9.2/avr5\libgcc.a(_clear_bss.o)
 .text.libgcc.fmul
                0x00000000        0x0 c:/program files (x86)/atmel/studio/7.0/toolchain/avr8/avr8-gnu-toolchain/bin/../lib/gcc/avr/4.9.2/avr5\libgcc.a(_clear_bss.o)
 .text.libgcc.fixed
                0x00000000        0x0 c:/program files (x86)/atmel/studio/7.0/toolchain/avr8/avr8-gnu-toolchain/bin/../lib/gcc/avr/4.9.2/avr5\libgcc.a(_clear_bss.o)

Memory Configuration

Name             Origin             Length             Attributes
text             0x00000000         0x00020000         xr
data             0x00800060         0x0000ffa0         rw !x
eeprom           0x00810000         0x00010000         rw !x
fuse             0x00820000         0x00000400         rw !x
lock             0x00830000         0x00000400         rw !x
signature        0x00840000         0x00000400         rw !x
user_signatures  0x00850000         0x00000400         rw !x
*default*        0x00000000         0xffffffff

Linker script and memory map

Address of section .data set to 0x800100
LOAD C:/Program Files (x86)/Atmel/Studio/7.0/Packs/atmel/ATmega_DFP/1.0.98/gcc/dev/atmega328p/avr5/crtatmega328p.o
LOAD Sketch.o
START GROUP
LOAD c:/program files (x86)/atmel/studio/7.0/toolchain/avr8/avr8-gnu-toolchain/bin/../lib/gcc/avr/4.9.2/../../../../avr/lib/avr5\libm.a
LOAD C:\Users\MICHA_~1\WORKSP~1\UNLROC~1\ATMELS~1\TESTRI~1\TESTRI~1\ARDUIN~1\Debug\libArduinoCore.a
END GROUP
LOAD c:/program files (x86)/atmel/studio/7.0/toolchain/avr8/avr8-gnu-toolchain/bin/../lib/gcc/avr/4.9.2/avr5\libgcc.a
LOAD c:/program files (x86)/atmel/studio/7.0/toolchain/avr8/avr8-gnu-toolchain/bin/../lib/gcc/avr/4.9.2/../../../../avr/lib/avr5\libm.a
START GROUP
LOAD c:/program files (x86)/atmel/studio/7.0/toolchain/avr8/avr8-gnu-toolchain/bin/../lib/gcc/avr/4.9.2/avr5\libgcc.a
LOAD c:/program files (x86)/atmel/studio/7.0/toolchain/avr8/avr8-gnu-toolchain/bin/../lib/gcc/avr/4.9.2/../../../../avr/lib/avr5\libm.a
LOAD c:/program files (x86)/atmel/studio/7.0/toolchain/avr8/avr8-gnu-toolchain/bin/../lib/gcc/avr/4.9.2/../../../../avr/lib/avr5\libc.a
LOAD C:/Program Files (x86)/Atmel/Studio/7.0/Packs/atmel/ATmega_DFP/1.0.98/gcc/dev/atmega328p/avr5\libatmega328p.a
END GROUP

.hash
 *(.hash)

.dynsym
 *(.dynsym)

.dynstr
 *(.dynstr)

.gnu.version
 *(.gnu.version)

.gnu.version_d
 *(.gnu.version_d)

.gnu.version_r
 *(.gnu.version_r)

.rel.init
 *(.rel.init)

.rela.init
 *(.rela.init)

.rel.text
 *(.rel.text)
 *(.rel.text.*)
 *(.rel.gnu.linkonce.t*)

.rela.text
 *(.rela.text)
 *(.rela.text.*)
 *(.rela.gnu.linkonce.t*)

.rel.fini
 *(.rel.fini)

.rela.fini
 *(.rela.fini)

.rel.rodata
 *(.rel.rodata)
 *(.rel.rodata.*)
 *(.rel.gnu.linkonce.r*)

.rela.rodata
 *(.rela.rodata)
 *(.rela.rodata.*)
 *(.rela.gnu.linkonce.r*)

.rel.data
 *(.rel.data)
 *(.rel.data.*)
 *(.rel.gnu.linkonce.d*)

.rela.data
 *(.rela.data)
 *(.rela.data.*)
 *(.rela.gnu.linkonce.d*)

.rel.ctors
 *(.rel.ctors)

.rela.ctors
 *(.rela.ctors)

.rel.dtors
 *(.rel.dtors)

.rela.dtors
 *(.rela.dtors)

.rel.got
 *(.rel.got)

.rela.got
 *(.rela.got)

.rel.bss
 *(.rel.bss)

.rela.bss
 *(.rela.bss)

.rel.plt
 *(.rel.plt)

.rela.plt
 *(.rela.plt)

.text           0x00000000      0x4aa
 *(.vectors)
 .vectors       0x00000000       0x68 C:/Program Files (x86)/Atmel/Studio/7.0/Packs/atmel/ATmega_DFP/1.0.98/gcc/dev/atmega328p/avr5/crtatmega328p.o
                0x00000000                __vector_default
                0x00000000                __vectors
 *(.vectors)
 *(.progmem.gcc*)
                0x00000068                . = ALIGN (0x2)
                0x00000068                __trampolines_start = .
 *(.trampolines)
 .trampolines   0x00000068        0x0 linker stubs
 *(.trampolines*)
                0x00000068                __trampolines_end = .
 *(.progmem*)
 .progmem.data.digital_pin_to_timer_PGM
                0x00000068       0x14 C:\Users\MICHA_~1\WORKSP~1\UNLROC~1\ATMELS~1\TESTRI~1\TESTRI~1\ARDUIN~1\Debug\libArduinoCore.a(wiring_digital.o)
                0x00000068                digital_pin_to_timer_PGM
 .progmem.data.digital_pin_to_bit_mask_PGM
                0x0000007c       0x14 C:\Users\MICHA_~1\WORKSP~1\UNLROC~1\ATMELS~1\TESTRI~1\TESTRI~1\ARDUIN~1\Debug\libArduinoCore.a(wiring_digital.o)
                0x0000007c                digital_pin_to_bit_mask_PGM
 .progmem.data.digital_pin_to_port_PGM
                0x00000090       0x14 C:\Users\MICHA_~1\WORKSP~1\UNLROC~1\ATMELS~1\TESTRI~1\TESTRI~1\ARDUIN~1\Debug\libArduinoCore.a(wiring_digital.o)
                0x00000090                digital_pin_to_port_PGM
 .progmem.data.port_to_output_PGM
                0x000000a4        0xa C:\Users\MICHA_~1\WORKSP~1\UNLROC~1\ATMELS~1\TESTRI~1\TESTRI~1\ARDUIN~1\Debug\libArduinoCore.a(wiring_digital.o)
                0x000000a4                port_to_output_PGM
 .progmem.data.port_to_mode_PGM
                0x000000ae        0xa C:\Users\MICHA_~1\WORKSP~1\UNLROC~1\ATMELS~1\TESTRI~1\TESTRI~1\ARDUIN~1\Debug\libArduinoCore.a(wiring_digital.o)
                0x000000ae                port_to_mode_PGM
                0x000000b8                . = ALIGN (0x2)
 *(.jumptables)
 *(.jumptables*)
 *(.lowtext)
 *(.lowtext*)
                0x000000b8                __ctors_start = .
 *(.ctors)
                0x000000b8                __ctors_end = .
                0x000000b8                __dtors_start = .
 *(.dtors)
                0x000000b8                __dtors_end = .
 SORT(*)(.ctors)
 SORT(*)(.dtors)
 *(.init0)
 .init0         0x000000b8        0x0 C:/Program Files (x86)/Atmel/Studio/7.0/Packs/atmel/ATmega_DFP/1.0.98/gcc/dev/atmega328p/avr5/crtatmega328p.o
                0x000000b8                __init
 *(.init0)
 *(.init1)
 *(.init1)
 *(.init2)
 .init2         0x000000b8        0xc C:/Program Files (x86)/Atmel/Studio/7.0/Packs/atmel/ATmega_DFP/1.0.98/gcc/dev/atmega328p/avr5/crtatmega328p.o
 *(.init2)
 *(.init3)
 *(.init3)
 *(.init4)
 .init4         0x000000c4       0x16 c:/program files (x86)/atmel/studio/7.0/toolchain/avr8/avr8-gnu-toolchain/bin/../lib/gcc/avr/4.9.2/avr5\libgcc.a(_copy_data.o)
                0x000000c4                __do_copy_data
 .init4         0x000000da       0x10 c:/program files (x86)/atmel/studio/7.0/toolchain/avr8/avr8-gnu-toolchain/bin/../lib/gcc/avr/4.9.2/avr5\libgcc.a(_clear_bss.o)
                0x000000da                __do_clear_bss
 *(.init4)
 *(.init5)
 *(.init5)
 *(.init6)
 *(.init6)
 *(.init7)
 *(.init7)
 *(.init8)
 *(.init8)
 *(.init9)
 .init9         0x000000ea        0x8 C:/Program Files (x86)/Atmel/Studio/7.0/Packs/atmel/ATmega_DFP/1.0.98/gcc/dev/atmega328p/avr5/crtatmega328p.o
 *(.init9)
 *(.text)
 .text          0x000000f2        0x4 C:/Program Files (x86)/Atmel/Studio/7.0/Packs/atmel/ATmega_DFP/1.0.98/gcc/dev/atmega328p/avr5/crtatmega328p.o
                0x000000f2                __vector_22
                0x000000f2                __vector_1
                0x000000f2                __vector_24
                0x000000f2                __vector_12
                0x000000f2                __bad_interrupt
                0x000000f2                __vector_6
                0x000000f2                __vector_3
                0x000000f2                __vector_23
                0x000000f2                __vector_25
                0x000000f2                __vector_11
                0x000000f2                __vector_13
                0x000000f2                __vector_17
                0x000000f2                __vector_19
                0x000000f2                __vector_7
                0x000000f2                __vector_5
                0x000000f2                __vector_4
                0x000000f2                __vector_9
                0x000000f2                __vector_2
                0x000000f2                __vector_21
                0x000000f2                __vector_15
                0x000000f2                __vector_8
                0x000000f2                __vector_14
                0x000000f2                __vector_10
                0x000000f2                __vector_18
                0x000000f2                __vector_20
                0x000000f6                . = ALIGN (0x2)
 *(.text.*)
 .text.setup    0x000000f6        0xa Sketch.o
                0x000000f6                setup
 .text.loop     0x00000100       0x54 Sketch.o
                0x00000100                loop
 .text.initVariant
                0x00000154        0x2 C:\Users\MICHA_~1\WORKSP~1\UNLROC~1\ATMELS~1\TESTRI~1\TESTRI~1\ARDUIN~1\Debug\libArduinoCore.a(main.o)
                0x00000154                initVariant
 .text.startup.main
                0x00000156       0x1e C:\Users\MICHA_~1\WORKSP~1\UNLROC~1\ATMELS~1\TESTRI~1\TESTRI~1\ARDUIN~1\Debug\libArduinoCore.a(main.o)
                0x00000156                main
 .text.__vector_16
                0x00000174       0x94 C:\Users\MICHA_~1\WORKSP~1\UNLROC~1\ATMELS~1\TESTRI~1\TESTRI~1\ARDUIN~1\Debug\libArduinoCore.a(wiring.o)
                0x00000174                __vector_16
 .text.micros   0x00000208       0x4a C:\Users\MICHA_~1\WORKSP~1\UNLROC~1\ATMELS~1\TESTRI~1\TESTRI~1\ARDUIN~1\Debug\libArduinoCore.a(wiring.o)
                0x00000208                micros
 .text.delay    0x00000252       0x78 C:\Users\MICHA_~1\WORKSP~1\UNLROC~1\ATMELS~1\TESTRI~1\TESTRI~1\ARDUIN~1\Debug\libArduinoCore.a(wiring.o)
                0x00000252                delay
 .text.init     0x000002ca       0x76 C:\Users\MICHA_~1\WORKSP~1\UNLROC~1\ATMELS~1\TESTRI~1\TESTRI~1\ARDUIN~1\Debug\libArduinoCore.a(wiring.o)
                0x000002ca                init
 .text.analogRead
                0x00000340       0x3a C:\Users\MICHA_~1\WORKSP~1\UNLROC~1\ATMELS~1\TESTRI~1\TESTRI~1\ARDUIN~1\Debug\libArduinoCore.a(wiring_analog.o)
                0x00000340                analogRead
 .text.turnOffPWM
                0x0000037a       0x52 C:\Users\MICHA_~1\WORKSP~1\UNLROC~1\ATMELS~1\TESTRI~1\TESTRI~1\ARDUIN~1\Debug\libArduinoCore.a(wiring_digital.o)
 .text.pinMode  0x000003cc       0x78 C:\Users\MICHA_~1\WORKSP~1\UNLROC~1\ATMELS~1\TESTRI~1\TESTRI~1\ARDUIN~1\Debug\libArduinoCore.a(wiring_digital.o)
                0x000003cc                pinMode
 .text.digitalWrite
                0x00000444       0x60 C:\Users\MICHA_~1\WORKSP~1\UNLROC~1\ATMELS~1\TESTRI~1\TESTRI~1\ARDUIN~1\Debug\libArduinoCore.a(wiring_digital.o)
                0x00000444                digitalWrite
 .text.__empty  0x000004a4        0x2 C:\Users\MICHA_~1\WORKSP~1\UNLROC~1\ATMELS~1\TESTRI~1\TESTRI~1\ARDUIN~1\Debug\libArduinoCore.a(hooks.o)
                0x000004a4                yield
                0x000004a6                . = ALIGN (0x2)
 *(.fini9)
 .fini9         0x000004a6        0x0 c:/program files (x86)/atmel/studio/7.0/toolchain/avr8/avr8-gnu-toolchain/bin/../lib/gcc/avr/4.9.2/avr5\libgcc.a(_exit.o)
                0x000004a6                _exit
                0x000004a6                exit
 *(.fini9)
 *(.fini8)
 *(.fini8)
 *(.fini7)
 *(.fini7)
 *(.fini6)
 *(.fini6)
 *(.fini5)
 *(.fini5)
 *(.fini4)
 *(.fini4)
 *(.fini3)
 *(.fini3)
 *(.fini2)
 *(.fini2)
 *(.fini1)
 *(.fini1)
 *(.fini0)
 .fini0         0x000004a6        0x4 c:/program files (x86)/atmel/studio/7.0/toolchain/avr8/avr8-gnu-toolchain/bin/../lib/gcc/avr/4.9.2/avr5\libgcc.a(_exit.o)
 *(.fini0)
                0x000004aa                _etext = .

.data           0x00800100        0x6 load address 0x000004aa
                0x00800100                PROVIDE (__data_start, .)
 *(.data)
 *(.data*)
 .data.ledPin   0x00800100        0x2 Sketch.o
                0x00800100                ledPin
 .data.sensorPin
                0x00800102        0x2 Sketch.o
                0x00800102                sensorPin
 .data.analog_reference
                0x00800104        0x1 C:\Users\MICHA_~1\WORKSP~1\UNLROC~1\ATMELS~1\TESTRI~1\TESTRI~1\ARDUIN~1\Debug\libArduinoCore.a(wiring_analog.o)
                0x00800104                analog_reference
 *(.rodata)
 *(.rodata*)
 *(.gnu.linkonce.d*)
                0x00800106                . = ALIGN (0x2)
 *fill*         0x00800105        0x1 
                0x00800106                _edata = .
                0x00800106                PROVIDE (__data_end, .)

.bss            0x00800106        0xb
                0x00800106                PROVIDE (__bss_start, .)
 *(.bss)
 *(.bss*)
 .bss.sensorValue
                0x00800106        0x2 Sketch.o
                0x00800106                sensorValue
 .bss.timer0_fract
                0x00800108        0x1 C:\Users\MICHA_~1\WORKSP~1\UNLROC~1\ATMELS~1\TESTRI~1\TESTRI~1\ARDUIN~1\Debug\libArduinoCore.a(wiring.o)
 .bss.timer0_millis
                0x00800109        0x4 C:\Users\MICHA_~1\WORKSP~1\UNLROC~1\ATMELS~1\TESTRI~1\TESTRI~1\ARDUIN~1\Debug\libArduinoCore.a(wiring.o)
                0x00800109                timer0_millis
 .bss.timer0_overflow_count
                0x0080010d        0x4 C:\Users\MICHA_~1\WORKSP~1\UNLROC~1\ATMELS~1\TESTRI~1\TESTRI~1\ARDUIN~1\Debug\libArduinoCore.a(wiring.o)
                0x0080010d                timer0_overflow_count
 *(COMMON)
                0x00800111                PROVIDE (__bss_end, .)
                0x000004aa                __data_load_start = LOADADDR (.data)
                0x000004b0                __data_load_end = (__data_load_start + SIZEOF (.data))

.noinit         0x00800111        0x0
                0x00800111                PROVIDE (__noinit_start, .)
 *(.noinit*)
                0x00800111                PROVIDE (__noinit_end, .)
                0x00800111                _end = .
                0x00800111                PROVIDE (__heap_start, .)

.eeprom         0x00810000        0x0
 *(.eeprom*)
                0x00810000                __eeprom_end = .

.fuse
 *(.fuse)
 *(.lfuse)
 *(.hfuse)
 *(.efuse)

.lock
 *(.lock*)

.signature
 *(.signature*)

.user_signatures
 *(.user_signatures*)

.stab
 *(.stab)

.stabstr
 *(.stabstr)

.stab.excl
 *(.stab.excl)

.stab.exclstr
 *(.stab.exclstr)

.stab.index
 *(.stab.index)

.stab.indexstr
 *(.stab.indexstr)

.comment        0x00000000       0x30
 *(.comment)
 .comment       0x00000000       0x30 Sketch.o
                                 0x31 (size before relaxing)
 .comment       0x00000030       0x31 C:\Users\MICHA_~1\WORKSP~1\UNLROC~1\ATMELS~1\TESTRI~1\TESTRI~1\ARDUIN~1\Debug\libArduinoCore.a(main.o)
 .comment       0x00000030       0x31 C:\Users\MICHA_~1\WORKSP~1\UNLROC~1\ATMELS~1\TESTRI~1\TESTRI~1\ARDUIN~1\Debug\libArduinoCore.a(wiring.o)
 .comment       0x00000030       0x31 C:\Users\MICHA_~1\WORKSP~1\UNLROC~1\ATMELS~1\TESTRI~1\TESTRI~1\ARDUIN~1\Debug\libArduinoCore.a(wiring_analog.o)
 .comment       0x00000030       0x31 C:\Users\MICHA_~1\WORKSP~1\UNLROC~1\ATMELS~1\TESTRI~1\TESTRI~1\ARDUIN~1\Debug\libArduinoCore.a(wiring_digital.o)
 .comment       0x00000030       0x31 C:\Users\MICHA_~1\WORKSP~1\UNLROC~1\ATMELS~1\TESTRI~1\TESTRI~1\ARDUIN~1\Debug\libArduinoCore.a(hooks.o)

.note.gnu.avr.deviceinfo
                0x00000000       0x40
 .note.gnu.avr.deviceinfo
                0x00000000       0x40 C:/Program Files (x86)/Atmel/Studio/7.0/Packs/atmel/ATmega_DFP/1.0.98/gcc/dev/atmega328p/avr5/crtatmega328p.o

.note.gnu.build-id
 *(.note.gnu.build-id)

.debug
 *(.debug)

.line
 *(.line)

.debug_srcinfo
 *(.debug_srcinfo)

.debug_sfnames
 *(.debug_sfnames)

.debug_aranges  0x00000000      0x130
 *(.debug_aranges)
 .debug_aranges
                0x00000000       0x28 Sketch.o
 .debug_aranges
                0x00000028       0x38 C:\Users\MICHA_~1\WORKSP~1\UNLROC~1\ATMELS~1\TESTRI~1\TESTRI~1\ARDUIN~1\Debug\libArduinoCore.a(main.o)
 .debug_aranges
                0x00000060       0x48 C:\Users\MICHA_~1\WORKSP~1\UNLROC~1\ATMELS~1\TESTRI~1\TESTRI~1\ARDUIN~1\Debug\libArduinoCore.a(wiring.o)
 .debug_aranges
                0x000000a8       0x30 C:\Users\MICHA_~1\WORKSP~1\UNLROC~1\ATMELS~1\TESTRI~1\TESTRI~1\ARDUIN~1\Debug\libArduinoCore.a(wiring_analog.o)
 .debug_aranges
                0x000000d8       0x38 C:\Users\MICHA_~1\WORKSP~1\UNLROC~1\ATMELS~1\TESTRI~1\TESTRI~1\ARDUIN~1\Debug\libArduinoCore.a(wiring_digital.o)
 .debug_aranges
                0x00000110       0x20 C:\Users\MICHA_~1\WORKSP~1\UNLROC~1\ATMELS~1\TESTRI~1\TESTRI~1\ARDUIN~1\Debug\libArduinoCore.a(hooks.o)

.debug_pubnames
 *(.debug_pubnames)

.debug_info     0x00000000     0x100a
 *(.debug_info .gnu.linkonce.wi.*)
 .debug_info    0x00000000      0x265 Sketch.o
 .debug_info    0x00000265      0x225 C:\Users\MICHA_~1\WORKSP~1\UNLROC~1\ATMELS~1\TESTRI~1\TESTRI~1\ARDUIN~1\Debug\libArduinoCore.a(main.o)
 .debug_info    0x0000048a      0x2c8 C:\Users\MICHA_~1\WORKSP~1\UNLROC~1\ATMELS~1\TESTRI~1\TESTRI~1\ARDUIN~1\Debug\libArduinoCore.a(wiring.o)
 .debug_info    0x00000752      0x281 C:\Users\MICHA_~1\WORKSP~1\UNLROC~1\ATMELS~1\TESTRI~1\TESTRI~1\ARDUIN~1\Debug\libArduinoCore.a(wiring_analog.o)
 .debug_info    0x000009d3      0x5f9 C:\Users\MICHA_~1\WORKSP~1\UNLROC~1\ATMELS~1\TESTRI~1\TESTRI~1\ARDUIN~1\Debug\libArduinoCore.a(wiring_digital.o)
 .debug_info    0x00000fcc       0x3e C:\Users\MICHA_~1\WORKSP~1\UNLROC~1\ATMELS~1\TESTRI~1\TESTRI~1\ARDUIN~1\Debug\libArduinoCore.a(hooks.o)

.debug_abbrev   0x00000000      0x681
 *(.debug_abbrev)
 .debug_abbrev  0x00000000      0x131 Sketch.o
 .debug_abbrev  0x00000131      0x102 C:\Users\MICHA_~1\WORKSP~1\UNLROC~1\ATMELS~1\TESTRI~1\TESTRI~1\ARDUIN~1\Debug\libArduinoCore.a(main.o)
 .debug_abbrev  0x00000233      0x145 C:\Users\MICHA_~1\WORKSP~1\UNLROC~1\ATMELS~1\TESTRI~1\TESTRI~1\ARDUIN~1\Debug\libArduinoCore.a(wiring.o)
 .debug_abbrev  0x00000378      0x184 C:\Users\MICHA_~1\WORKSP~1\UNLROC~1\ATMELS~1\TESTRI~1\TESTRI~1\ARDUIN~1\Debug\libArduinoCore.a(wiring_analog.o)
 .debug_abbrev  0x000004fc      0x15b C:\Users\MICHA_~1\WORKSP~1\UNLROC~1\ATMELS~1\TESTRI~1\TESTRI~1\ARDUIN~1\Debug\libArduinoCore.a(wiring_digital.o)
 .debug_abbrev  0x00000657       0x2a C:\Users\MICHA_~1\WORKSP~1\UNLROC~1\ATMELS~1\TESTRI~1\TESTRI~1\ARDUIN~1\Debug\libArduinoCore.a(hooks.o)

.debug_line     0x00000000      0x6f8
 *(.debug_line .debug_line.* .debug_line_end)
 .debug_line    0x00000000      0x12d Sketch.o
 .debug_line    0x0000012d      0x149 C:\Users\MICHA_~1\WORKSP~1\UNLROC~1\ATMELS~1\TESTRI~1\TESTRI~1\ARDUIN~1\Debug\libArduinoCore.a(main.o)
 .debug_line    0x00000276      0x195 C:\Users\MICHA_~1\WORKSP~1\UNLROC~1\ATMELS~1\TESTRI~1\TESTRI~1\ARDUIN~1\Debug\libArduinoCore.a(wiring.o)
 .debug_line    0x0000040b      0x15f C:\Users\MICHA_~1\WORKSP~1\UNLROC~1\ATMELS~1\TESTRI~1\TESTRI~1\ARDUIN~1\Debug\libArduinoCore.a(wiring_analog.o)
 .debug_line    0x0000056a      0x14e C:\Users\MICHA_~1\WORKSP~1\UNLROC~1\ATMELS~1\TESTRI~1\TESTRI~1\ARDUIN~1\Debug\libArduinoCore.a(wiring_digital.o)
 .debug_line    0x000006b8       0x40 C:\Users\MICHA_~1\WORKSP~1\UNLROC~1\ATMELS~1\TESTRI~1\TESTRI~1\ARDUIN~1\Debug\libArduinoCore.a(hooks.o)

.debug_frame    0x00000000      0x24c
 *(.debug_frame)
 .debug_frame   0x00000000       0x40 Sketch.o
 .debug_frame   0x00000040       0x54 C:\Users\MICHA_~1\WORKSP~1\UNLROC~1\ATMELS~1\TESTRI~1\TESTRI~1\ARDUIN~1\Debug\libArduinoCore.a(main.o)
 .debug_frame   0x00000094       0xc4 C:\Users\MICHA_~1\WORKSP~1\UNLROC~1\ATMELS~1\TESTRI~1\TESTRI~1\ARDUIN~1\Debug\libArduinoCore.a(wiring.o)
 .debug_frame   0x00000158       0x54 C:\Users\MICHA_~1\WORKSP~1\UNLROC~1\ATMELS~1\TESTRI~1\TESTRI~1\ARDUIN~1\Debug\libArduinoCore.a(wiring_analog.o)
 .debug_frame   0x000001ac       0x7c C:\Users\MICHA_~1\WORKSP~1\UNLROC~1\ATMELS~1\TESTRI~1\TESTRI~1\ARDUIN~1\Debug\libArduinoCore.a(wiring_digital.o)
 .debug_frame   0x00000228       0x24 C:\Users\MICHA_~1\WORKSP~1\UNLROC~1\ATMELS~1\TESTRI~1\TESTRI~1\ARDUIN~1\Debug\libArduinoCore.a(hooks.o)

.debug_str      0x00000000      0x5c8
 *(.debug_str)
 .debug_str     0x00000000      0x253 Sketch.o
                                0x28c (size before relaxing)
 .debug_str     0x00000253       0xd1 C:\Users\MICHA_~1\WORKSP~1\UNLROC~1\ATMELS~1\TESTRI~1\TESTRI~1\ARDUIN~1\Debug\libArduinoCore.a(main.o)
                                0x2a4 (size before relaxing)
 .debug_str     0x00000324      0x158 C:\Users\MICHA_~1\WORKSP~1\UNLROC~1\ATMELS~1\TESTRI~1\TESTRI~1\ARDUIN~1\Debug\libArduinoCore.a(wiring.o)
                                0x24e (size before relaxing)
 .debug_str     0x0000047c       0x7e C:\Users\MICHA_~1\WORKSP~1\UNLROC~1\ATMELS~1\TESTRI~1\TESTRI~1\ARDUIN~1\Debug\libArduinoCore.a(wiring_analog.o)
                                0x252 (size before relaxing)
 .debug_str     0x000004fa       0xb2 C:\Users\MICHA_~1\WORKSP~1\UNLROC~1\ATMELS~1\TESTRI~1\TESTRI~1\ARDUIN~1\Debug\libArduinoCore.a(wiring_digital.o)
                                0x2b3 (size before relaxing)
 .debug_str     0x000005ac       0x1c C:\Users\MICHA_~1\WORKSP~1\UNLROC~1\ATMELS~1\TESTRI~1\TESTRI~1\ARDUIN~1\Debug\libArduinoCore.a(hooks.o)
                                0x143 (size before relaxing)

.debug_loc      0x00000000      0x979
 *(.debug_loc)
 .debug_loc     0x00000000       0x2f Sketch.o
 .debug_loc     0x0000002f      0x269 C:\Users\MICHA_~1\WORKSP~1\UNLROC~1\ATMELS~1\TESTRI~1\TESTRI~1\ARDUIN~1\Debug\libArduinoCore.a(wiring.o)
 .debug_loc     0x00000298       0xfe C:\Users\MICHA_~1\WORKSP~1\UNLROC~1\ATMELS~1\TESTRI~1\TESTRI~1\ARDUIN~1\Debug\libArduinoCore.a(wiring_analog.o)
 .debug_loc     0x00000396      0x5e3 C:\Users\MICHA_~1\WORKSP~1\UNLROC~1\ATMELS~1\TESTRI~1\TESTRI~1\ARDUIN~1\Debug\libArduinoCore.a(wiring_digital.o)

.debug_macinfo
 *(.debug_macinfo)

.debug_weaknames
 *(.debug_weaknames)

.debug_funcnames
 *(.debug_funcnames)

.debug_typenames
 *(.debug_typenames)

.debug_varnames
 *(.debug_varnames)

.debug_pubtypes
 *(.debug_pubtypes)

.debug_ranges   0x00000000       0xd0
 *(.debug_ranges)
 .debug_ranges  0x00000000       0x18 Sketch.o
 .debug_ranges  0x00000018       0x28 C:\Users\MICHA_~1\WORKSP~1\UNLROC~1\ATMELS~1\TESTRI~1\TESTRI~1\ARDUIN~1\Debug\libArduinoCore.a(main.o)
 .debug_ranges  0x00000040       0x38 C:\Users\MICHA_~1\WORKSP~1\UNLROC~1\ATMELS~1\TESTRI~1\TESTRI~1\ARDUIN~1\Debug\libArduinoCore.a(wiring.o)
 .debug_ranges  0x00000078       0x20 C:\Users\MICHA_~1\WORKSP~1\UNLROC~1\ATMELS~1\TESTRI~1\TESTRI~1\ARDUIN~1\Debug\libArduinoCore.a(wiring_analog.o)
 .debug_ranges  0x00000098       0x28 C:\Users\MICHA_~1\WORKSP~1\UNLROC~1\ATMELS~1\TESTRI~1\TESTRI~1\ARDUIN~1\Debug\libArduinoCore.a(wiring_digital.o)
 .debug_ranges  0x000000c0       0x10 C:\Users\MICHA_~1\WORKSP~1\UNLROC~1\ATMELS~1\TESTRI~1\TESTRI~1\ARDUIN~1\Debug\libArduinoCore.a(hooks.o)

.debug_macro
 *(.debug_macro)
OUTPUT(AnalogInput.elf elf32-avr)
LOAD linker stubs
